REPARTIONING: Old world size [1] New world size [2]
REPARTITIONG: Call [0] Scaled Residual [2.09015e-30]
WARNING: PERFORMING UNPRECONDITIONED ITERATIONS
Call [0] Number of Iterations [11] Scaled Residual [1.49536e-14]
WARNING: PERFORMING UNPRECONDITIONED ITERATIONS
Call [1] Number of Iterations [11] Scaled Residual [1.49536e-14]
Call [0] Number of Iterations [2] Scaled Residual [3.77128e-17]
Call [1] Number of Iterations [2] Scaled Residual [3.77128e-17]
Departure from symmetry (scaled) for SpMV abs(x'*A*y - y'*A*x) = 1.90085e-05
Departure from symmetry (scaled) for MG abs(x'*Minv*y - y'*Minv*x) = 9.72026e-07
SpMV call [0] Residual [0]
SpMV call [1] Residual [0]
Number of CG sets: 1
Call [0] Scaled Residual [1.48951e-38]
