REPARTIONING: Old world size [2] New world size [4]
REPARTITIONG: Call [0] Scaled Residual [5.38699e-23]
WARNING: PERFORMING UNPRECONDITIONED ITERATIONS
Call [0] Number of Iterations [11] Scaled Residual [1.78266e-14]
WARNING: PERFORMING UNPRECONDITIONED ITERATIONS
Call [1] Number of Iterations [11] Scaled Residual [1.78266e-14]
Call [0] Number of Iterations [2] Scaled Residual [7.07832e-17]
Call [1] Number of Iterations [2] Scaled Residual [7.07832e-17]
Departure from symmetry (scaled) for SpMV abs(x'*A*y - y'*A*x) = 2.59207e-06
Departure from symmetry (scaled) for MG abs(x'*Minv*y - y'*Minv*x) = 2.16006e-07
SpMV call [0] Residual [0]
SpMV call [1] Residual [0]
Number of CG sets: 1
Call [0] Scaled Residual [1.12359e-29]
